Archive member included because of file (symbol)

f:/installed_programs/electronics/atmel/atmel toolchain/avr8 gcc/native/3.4.1061/avr8-gnu-toolchain/bin/../lib/gcc/avr/4.8.1/../../../../avr/lib/avr51\libm.a(addsf3.o)
                              libs/math/mathUtils.o (__subsf3)
f:/installed_programs/electronics/atmel/atmel toolchain/avr8 gcc/native/3.4.1061/avr8-gnu-toolchain/bin/../lib/gcc/avr/4.8.1/../../../../avr/lib/avr51\libm.a(addsf3x.o)
                              f:/installed_programs/electronics/atmel/atmel toolchain/avr8 gcc/native/3.4.1061/avr8-gnu-toolchain/bin/../lib/gcc/avr/4.8.1/../../../../avr/lib/avr51\libm.a(addsf3.o) (__addsf3x)
f:/installed_programs/electronics/atmel/atmel toolchain/avr8 gcc/native/3.4.1061/avr8-gnu-toolchain/bin/../lib/gcc/avr/4.8.1/../../../../avr/lib/avr51\libm.a(cmpsf2.o)
                              main.o (__ltsf2)
f:/installed_programs/electronics/atmel/atmel toolchain/avr8 gcc/native/3.4.1061/avr8-gnu-toolchain/bin/../lib/gcc/avr/4.8.1/../../../../avr/lib/avr51\libm.a(divsf3.o)
                              libs/math/mathUtils.o (__divsf3)
f:/installed_programs/electronics/atmel/atmel toolchain/avr8 gcc/native/3.4.1061/avr8-gnu-toolchain/bin/../lib/gcc/avr/4.8.1/../../../../avr/lib/avr51\libm.a(divsf3x.o)
                              f:/installed_programs/electronics/atmel/atmel toolchain/avr8 gcc/native/3.4.1061/avr8-gnu-toolchain/bin/../lib/gcc/avr/4.8.1/../../../../avr/lib/avr51\libm.a(divsf3.o) (__divsf3x)
f:/installed_programs/electronics/atmel/atmel toolchain/avr8 gcc/native/3.4.1061/avr8-gnu-toolchain/bin/../lib/gcc/avr/4.8.1/../../../../avr/lib/avr51\libm.a(exp.o)
                              libs/sht2x/sht2x.o (exp)
f:/installed_programs/electronics/atmel/atmel toolchain/avr8 gcc/native/3.4.1061/avr8-gnu-toolchain/bin/../lib/gcc/avr/4.8.1/../../../../avr/lib/avr51\libm.a(fixsfsi.o)
                              libs/pid/pid.o (__fixsfsi)
f:/installed_programs/electronics/atmel/atmel toolchain/avr8 gcc/native/3.4.1061/avr8-gnu-toolchain/bin/../lib/gcc/avr/4.8.1/../../../../avr/lib/avr51\libm.a(fixunssfsi.o)
                              libs/math/mathUtils.o (__fixunssfsi)
f:/installed_programs/electronics/atmel/atmel toolchain/avr8 gcc/native/3.4.1061/avr8-gnu-toolchain/bin/../lib/gcc/avr/4.8.1/../../../../avr/lib/avr51\libm.a(floatsisf.o)
                              libs/math/mathUtils.o (__floatunsisf)
f:/installed_programs/electronics/atmel/atmel toolchain/avr8 gcc/native/3.4.1061/avr8-gnu-toolchain/bin/../lib/gcc/avr/4.8.1/../../../../avr/lib/avr51\libm.a(fp_cmp.o)
                              f:/installed_programs/electronics/atmel/atmel toolchain/avr8 gcc/native/3.4.1061/avr8-gnu-toolchain/bin/../lib/gcc/avr/4.8.1/../../../../avr/lib/avr51\libm.a(cmpsf2.o) (__fp_cmp)
f:/installed_programs/electronics/atmel/atmel toolchain/avr8 gcc/native/3.4.1061/avr8-gnu-toolchain/bin/../lib/gcc/avr/4.8.1/../../../../avr/lib/avr51\libm.a(fp_inf.o)
                              f:/installed_programs/electronics/atmel/atmel toolchain/avr8 gcc/native/3.4.1061/avr8-gnu-toolchain/bin/../lib/gcc/avr/4.8.1/../../../../avr/lib/avr51\libm.a(addsf3x.o) (__fp_inf)
f:/installed_programs/electronics/atmel/atmel toolchain/avr8 gcc/native/3.4.1061/avr8-gnu-toolchain/bin/../lib/gcc/avr/4.8.1/../../../../avr/lib/avr51\libm.a(fp_nan.o)
                              f:/installed_programs/electronics/atmel/atmel toolchain/avr8 gcc/native/3.4.1061/avr8-gnu-toolchain/bin/../lib/gcc/avr/4.8.1/../../../../avr/lib/avr51\libm.a(addsf3x.o) (__fp_nan)
f:/installed_programs/electronics/atmel/atmel toolchain/avr8 gcc/native/3.4.1061/avr8-gnu-toolchain/bin/../lib/gcc/avr/4.8.1/../../../../avr/lib/avr51\libm.a(fp_powser.o)
                              f:/installed_programs/electronics/atmel/atmel toolchain/avr8 gcc/native/3.4.1061/avr8-gnu-toolchain/bin/../lib/gcc/avr/4.8.1/../../../../avr/lib/avr51\libm.a(exp.o) (__fp_powser)
f:/installed_programs/electronics/atmel/atmel toolchain/avr8 gcc/native/3.4.1061/avr8-gnu-toolchain/bin/../lib/gcc/avr/4.8.1/../../../../avr/lib/avr51\libm.a(fp_pscA.o)
                              f:/installed_programs/electronics/atmel/atmel toolchain/avr8 gcc/native/3.4.1061/avr8-gnu-toolchain/bin/../lib/gcc/avr/4.8.1/../../../../avr/lib/avr51\libm.a(addsf3x.o) (__fp_pscA)
f:/installed_programs/electronics/atmel/atmel toolchain/avr8 gcc/native/3.4.1061/avr8-gnu-toolchain/bin/../lib/gcc/avr/4.8.1/../../../../avr/lib/avr51\libm.a(fp_pscB.o)
                              f:/installed_programs/electronics/atmel/atmel toolchain/avr8 gcc/native/3.4.1061/avr8-gnu-toolchain/bin/../lib/gcc/avr/4.8.1/../../../../avr/lib/avr51\libm.a(addsf3x.o) (__fp_pscB)
f:/installed_programs/electronics/atmel/atmel toolchain/avr8 gcc/native/3.4.1061/avr8-gnu-toolchain/bin/../lib/gcc/avr/4.8.1/../../../../avr/lib/avr51\libm.a(fp_round.o)
[...]
Memory Configuration

Name             Origin             Length             Attributes
text             0x00000000         0x00020000         xr
data             0x00800100         0x0000ff00         rw !x
eeprom           0x00810000         0x00010000         rw !x
fuse             0x00820000         0x00000400         rw !x
lock             0x00830000         0x00000400         rw !x
signature        0x00840000         0x00000400         rw !x
user_signatures  0x00850000         0x00000400         rw !x
*default*        0x00000000         0xffffffff

Linker script and memory map

Address of section .data set to 0x800100
LOAD f:/installed_programs/electronics/atmel/atmel toolchain/avr8 gcc/native/3.4.1061/avr8-gnu-toolchain/bin/../lib/gcc/avr/4.8.1/../../../../avr/lib/avr51/crtm128.o
LOAD libs/adc/adc_analog.o
LOAD libs/ade775x/ade77xx.o
LOAD libs/ds182x/ds1820.o
LOAD libs/ds182x/ds18b20.o
LOAD libs/eeprom/eeprom.o
LOAD libs/i2c/twi.o
LOAD libs/interrupts/interruptvectors.o
LOAD libs/joystick/Joy2x3.o
LOAD libs/keyboard/kbd4x3.o
LOAD libs/lcds/hd774x.o
LOAD libs/lcds/hdpcf774x.o
LOAD libs/lcds/ili932x.o
LOAD libs/lcds/ks010x.o
LOAD libs/led_8x8_matrix/led_8x8.o
LOAD libs/led_segments/seg14.o
LOAD libs/led_segments/seg7.o
LOAD libs/math/mathUtils.o
LOAD libs/max7219/max7219.o
LOAD libs/motors/a498x.o
LOAD libs/motors/drv881x.o
LOAD libs/motors/stepper.o
LOAD libs/ntc/ntc.o
LOAD libs/pca95xx/pca9535.o
LOAD libs/pcf857x/pcf8575.o
LOAD libs/pcf857x/pcf857x.o
LOAD libs/pid/pid.o
LOAD libs/sht1x/sht1x.o
LOAD libs/sht2x/sht2x.o
LOAD libs/spi/my_spi.o
LOAD libs/tsl256x/tsl2561.o
LOAD libs/usart/usart.o
LOAD libs/utils/my_utils.o
LOAD main.o
START GROUP
LOAD f:/installed_programs/electronics/atmel/atmel toolchain/avr8 gcc/native/3.4.1061/avr8-gnu-toolchain/bin/../lib/gcc/avr/4.8.1/../../../../avr/lib/avr51\libm.a
END GROUP
START GROUP
LOAD f:/installed_programs/electronics/atmel/atmel toolchain/avr8 gcc/native/3.4.1061/avr8-gnu-toolchain/bin/../lib/gcc/avr/4.8.1/avr51\libgcc.a
LOAD f:/installed_programs/electronics/atmel/atmel toolchain/avr8 gcc/native/3.4.1061/avr8-gnu-toolchain/bin/../lib/gcc/avr/4.8.1/../../../../avr/lib/avr51\libm.a
LOAD f:/installed_programs/electronics/atmel/atmel toolchain/avr8 gcc/native/3.4.1061/avr8-gnu-toolchain/bin/../lib/gcc/avr/4.8.1/../../../../avr/lib/avr51\libc.a
END GROUP

.hash
 *(.hash)

.dynsym
 *(.dynsym)

.dynstr
 *(.dynstr)

.gnu.version
 *(.gnu.version)

.gnu.version_d
 *(.gnu.version_d)

.gnu.version_r
 *(.gnu.version_r)

.rel.init
 *(.rel.init)

.rela.init
 *(.rela.init)

.rel.text
 *(.rel.text)
 *(.rel.text.*)
 *(.rel.gnu.linkonce.t*)

.rela.text
 *(.rela.text)
 *(.rela.text.*)
 *(.rela.gnu.linkonce.t*)

.rel.fini
 *(.rel.fini)

.rela.fini
 *(.rela.fini)

.rel.rodata
 *(.rel.rodata)
 *(.rel.rodata.*)
 *(.rel.gnu.linkonce.r*)

.rela.rodata
 *(.rela.rodata)
 *(.rela.rodata.*)
 *(.rela.gnu.linkonce.r*)

.rel.data
 *(.rel.data)
 *(.rel.data.*)
 *(.rel.gnu.linkonce.d*)

.rela.data
 *(.rela.data)
 *(.rela.data.*)
 *(.rela.gnu.linkonce.d*)

.rel.ctors
 *(.rel.ctors)

.rela.ctors
 *(.rela.ctors)

.rel.dtors
 *(.rel.dtors)

.rela.dtors
 *(.rela.dtors)

.rel.got
 *(.rel.got)

.rela.got
 *(.rela.got)

.rel.bss
 *(.rel.bss)

.rela.bss
 *(.rela.bss)

.rel.plt
 *(.rel.plt)

.rela.plt
 *(.rela.plt)

.text           0x00000000     0x2720
 *(.vectors)
 .vectors       0x00000000       0x8c f:/installed_programs/electronics/atmel/atmel toolchain/avr8 gcc/native/3.4.1061/avr8-gnu-toolchain/bin/../lib/gcc/avr/4.8.1/../../../../avr/lib/avr51/crtm128.o
                0x00000000                __vector_default
                0x00000000                __vectors
 *(.vectors)
 *(.progmem.gcc*)
 .progmem.gcc_sw_table.stateMachine
                0x0000008c       0x12 main.o
 .progmem.gcc_fplib
                0x0000009e       0x28 f:/installed_programs/electronics/atmel/atmel toolchain/avr8 gcc/native/3.4.1061/avr8-gnu-toolchain/bin/../lib/gcc/avr/4.8.1/../../../../avr/lib/avr51\libm.a(exp.o)
 .progmem.gcc_fplib
                0x000000c6       0x5a f:/installed_programs/electronics/atmel/atmel toolchain/avr8 gcc/native/3.4.1061/avr8-gnu-toolchain/bin/../lib/gcc/avr/4.8.1/../../../../avr/lib/avr51\libm.a(log.o)
                0x00000120                . = ALIGN (0x2)
                0x00000120                __trampolines_start = .
 *(.trampolines)
 .trampolines   0x00000120        0x0 linker stubs
 *(.trampolines*)
                0x00000120                __trampolines_end = .
 *(.progmem*)
 .progmem.data.LcdCustomChar
                0x00000120       0x40 libs/lcds/hd774x.o
                0x00000120                LcdCustomChar
                0x00000160                . = ALIGN (0x2)
 *(.jumptables)
 *(.jumptables*)
 *(.lowtext)
 *(.lowtext*)
                0x00000160                __ctors_start = .
 *(.ctors)
                0x00000160                __ctors_end = .
                0x00000160                __dtors_start = .
 *(.dtors)
                0x00000160                __dtors_end = .
 SORT(*)(.ctors)
 SORT(*)(.dtors)
 *(.init0)
 .init0         0x00000160        0x0 f:/installed_programs/electronics/atmel/atmel toolchain/avr8 gcc/native/3.4.1061/avr8-gnu-toolchain/bin/../lib/gcc/avr/4.8.1/../../../../avr/lib/avr51/crtm128.o
                0x00000160                __init
 *(.init0)
 *(.init1)
 *(.init1)
 *(.init2)
 .init2         0x00000160        0xc f:/installed_programs/electronics/atmel/atmel toolchain/avr8 gcc/native/3.4.1061/avr8-gnu-toolchain/bin/../lib/gcc/avr/4.8.1/../../../../avr/lib/avr51/crtm128.o
 *(.init2)
 *(.init3)
 *(.init3)
 *(.init4)
 .init4         0x0000016c       0x1a f:/installed_programs/electronics/atmel/atmel toolchain/avr8 gcc/native/3.4.1061/avr8-gnu-toolchain/bin/../lib/gcc/avr/4.8.1/avr51\libgcc.a(_copy_data.o)
                0x0000016c                __do_copy_data
 .init4         0x00000186       0x10 f:/installed_programs/electronics/atmel/atmel toolchain/avr8 gcc/native/3.4.1061/avr8-gnu-toolchain/bin/../lib/gcc/avr/4.8.1/avr51\libgcc.a(_clear_bss.o)
                0x00000186                __do_clear_bss
 *(.init4)
 *(.init5)
 *(.init5)
 *(.init6)
 *(.init6)
 *(.init7)
 *(.init7)
 *(.init8)
 *(.init8)
 *(.init9)
 .init9         0x00000196        0x8 f:/installed_programs/electronics/atmel/atmel toolchain/avr8 gcc/native/3.4.1061/avr8-gnu-toolchain/bin/../lib/gcc/avr/4.8.1/../../../../avr/lib/avr51/crtm128.o
 *(.init9)
 *(.text)
                0x0000019e                . = ALIGN (0x2)
 *(.text.*)
 .text.clearBuffer
                0x0000019e       0x16 libs/interrupts/interruptvectors.o
                0x0000019e                clearBuffer
 .text.__vector_1
                0x000001b4       0x14 libs/interrupts/interruptvectors.o
                0x000001b4                __vector_1
 .text.__vector_2
                0x000001c8       0x14 libs/interrupts/interruptvectors.o
                0x000001c8                __vector_2
 .text.__vector_3
                0x000001dc       0x14 libs/interrupts/interruptvectors.o
                0x000001dc                __vector_3
 .text.__vector_4
                0x000001f0       0x14 libs/interrupts/interruptvectors.o
                0x000001f0                __vector_4
 .text.__vector_5
                0x00000204       0x14 libs/interrupts/interruptvectors.o
                0x00000204                __vector_5
 .text.__vector_6
                0x00000218       0x14 libs/interrupts/interruptvectors.o
                0x00000218                __vector_6
 .text.__vector_7
                0x0000022c       0x14 libs/interrupts/interruptvectors.o
                0x0000022c                __vector_7
 .text.__vector_8
                0x00000240       0x14 libs/interrupts/interruptvectors.o
                0x00000240                __vector_8
 .text.__vector_9
                0x00000254       0x14 libs/interrupts/interruptvectors.o
                0x00000254                __vector_9
 .text.__vector_10
                0x00000268       0x14 libs/interrupts/interruptvectors.o
                0x00000268                __vector_10
 .text.__vector_11
                0x0000027c       0x14 libs/interrupts/interruptvectors.o
                0x0000027c                __vector_11
 .text.__vector_12
                0x00000290       0x14 libs/interrupts/interruptvectors.o
                0x00000290                __vector_12
 .text.__vector_13
                0x000002a4       0x14 libs/interrupts/interruptvectors.o
                0x000002a4                __vector_13
 .text.__vector_14
                0x000002b8       0x14 libs/interrupts/interruptvectors.o
                0x000002b8                __vector_14
 .text.__vector_15
                0x000002cc       0xa0 libs/interrupts/interruptvectors.o
                0x000002cc                __vector_15
 .text.__vector_16
                0x0000036c       0x14 libs/interrupts/interruptvectors.o
                0x0000036c                __vector_16
 .text.__vector_17
                0x00000380       0x14 libs/interrupts/interruptvectors.o
                0x00000380                __vector_17
 .text.__vector_18
                0x00000394       0x50 libs/interrupts/interruptvectors.o
                0x00000394                __vector_18
 .text.__vector_19
                0x000003e4       0x14 libs/interrupts/interruptvectors.o
                0x000003e4                __vector_19
 .text.__vector_20
                0x000003f8       0x14 libs/interrupts/interruptvectors.o
                0x000003f8                __vector_20
 .text.__vector_21
                0x0000040c       0x14 libs/interrupts/interruptvectors.o
                0x0000040c                __vector_21
 .text.__vector_22
                0x00000420       0x14 libs/interrupts/interruptvectors.o
                0x00000420                __vector_22
 .text.__vector_23
                0x00000434       0x14 libs/interrupts/interruptvectors.o
                0x00000434                __vector_23
 .text.__vector_24
                0x00000448       0x14 libs/interrupts/interruptvectors.o
                0x00000448                __vector_24
 .text.__vector_25
                0x0000045c       0x14 libs/interrupts/interruptvectors.o
                0x0000045c                __vector_25
 .text.__vector_26
                0x00000470       0x14 libs/interrupts/interruptvectors.o
                0x00000470                __vector_26
 .text.__vector_27
                0x00000484       0x14 libs/interrupts/interruptvectors.o
                0x00000484                __vector_27
 .text.__vector_28
                0x00000498       0x14 libs/interrupts/interruptvectors.o
                0x00000498                __vector_28
 .text.__vector_29
                0x000004ac       0x14 libs/interrupts/interruptvectors.o
                0x000004ac                __vector_29
 .text.__vector_30
                0x000004c0       0x8a libs/interrupts/interruptvectors.o
                0x000004c0                __vector_30
 .text.__vector_31
                0x0000054a       0x14 libs/interrupts/interruptvectors.o
                0x0000054a                __vector_31
 .text.__vector_32
                0x0000055e       0x14 libs/interrupts/interruptvectors.o
                0x0000055e                __vector_32
 .text.__vector_33
                0x00000572       0x14 libs/interrupts/interruptvectors.o
                0x00000572                __vector_33
 .text.__vector_34
                0x00000586       0x14 libs/interrupts/interruptvectors.o
                0x00000586                __vector_34
 .text.LCD_sendChar
                0x0000059a       0x52 libs/lcds/hd774x.o
                0x0000059a                LCD_sendChar
 .text.LCD_sendCommand
                0x000005ec       0x4a libs/lcds/hd774x.o
                0x000005ec                LCD_sendCommand
 .text.LCD_clr  0x00000636       0x12 libs/lcds/hd774x.o
                0x00000636                LCD_clr
 .text.LCD_sendString
                0x00000648       0x3a libs/lcds/hd774x.o
                0x00000648                LCD_sendString
 .text.LCD_gotoXY
                0x00000682       0x1c libs/lcds/hd774x.o
                0x00000682                LCD_gotoXY
 .text.LCD_defineChar
                0x0000069e       0x44 libs/lcds/hd774x.o
                0x0000069e                LCD_defineChar
 .text.LCD_init
                0x000006e2       0xaa libs/lcds/hd774x.o
                0x000006e2                LCD_init
 .text.USART1_config
                0x0000078c       0x12 libs/usart/usart.o
                0x0000078c                USART1_config
 .text.USART1_sendChar
                0x0000079e       0x10 libs/usart/usart.o
                0x0000079e                USART1_sendChar
 .text.USART1_sendStr
                0x000007ae       0x58 libs/usart/usart.o
                0x000007ae                USART1_sendStr
 .text.USART1_receiveChar
                0x00000806       0x10 libs/usart/usart.o
                0x00000806                USART1_receiveChar
 .text.USART0_sendChar
                0x00000816        0x8 libs/usart/usart.o
                0x00000816                USART0_sendChar
 .text.USART0_receiveChar
                0x0000081e        0x8 libs/usart/usart.o
                0x0000081e                USART0_receiveChar
 .text.schedulerInit
                0x00000826       0x18 main.o
                0x00000826                schedulerInit
 .text.decodeButton
                0x0000083e       0x2c main.o
                0x0000083e                decodeButton
 .text.debounceKey
                0x0000086a       0x8e main.o
                0x0000086a                debounceKey
 .text.checkTempErrorPump1
                0x000008f8      0x17a main.o
                0x000008f8                checkTempErrorPump1
 .text.checkTempErrorPump2
                0x00000a72       0xf4 main.o
                0x00000a72                checkTempErrorPump2
 .text.checkTempErrorPump3
                0x00000b66      0x16a main.o
                0x00000b66                checkTempErrorPump3
 .text.setRecMinTemp
                0x00000cd0       0xd4 main.o
                0x00000cd0                setRecMinTemp
 .text.setAqsMaxTemp
                0x00000da4       0xd4 main.o
                0x00000da4                setAqsMaxTemp
 .text.setRadMinTemp
                0x00000e78       0xd2 main.o
                0x00000e78                setRadMinTemp
 .text.setSolMinTemp
                0x00000f4a       0xd2 main.o
                0x00000f4a                setSolMinTemp
 .text.setDeltaMinTemp
                0x0000101c       0x92 main.o
                0x0000101c                setDeltaMinTemp
 .text.stateMachine
                0x000010ae      0x136 main.o
                0x000010ae                stateMachine
 .text.readButtons
                0x000011e4        0x8 main.o
                0x000011e4                readButtons
 .text.decodeSwitchesStatus
                0x000011ec       0x32 main.o
                0x000011ec                decodeSwitchesStatus
 .text.readSwitches
                0x0000121e       0x1e main.o
                0x0000121e                readSwitches
 .text.setOutputRelay
                0x0000123c       0x70 main.o
                0x0000123c                setOutputRelay
 .text.initGPIO
                0x000012ac       0x10 main.o
                0x000012ac                initGPIO
 .text.paramLoadDefaultParameters
                0x000012bc       0x72 main.o
                0x000012bc                paramLoadDefaultParameters
 .text.eepromSetDefaultParameters
                0x0000132e       0x80 main.o
                0x0000132e                eepromSetDefaultParameters
 .text.paramLoadFromEeprom
                0x000013ae       0xc0 main.o
                0x000013ae                paramLoadFromEeprom
 .text.paramSavetoEeprom
                0x0000146e       0xb8 main.o
                0x0000146e                paramSavetoEeprom
 .text.showLcdSplash
                0x00001526       0x2e main.o
                0x00001526                showLcdSplash
 .text.setLcdInitialFields
                0x00001554       0x64 main.o
                0x00001554                setLcdInitialFields
 .text.showLcdSavedMessage
                0x000015b8       0x2e main.o
                0x000015b8                showLcdSavedMessage
 .text.splitDouble
                0x000015e6       0x9e main.o
                0x000015e6                splitDouble
 .text.updateLcd
                0x00001684      0x218 main.o
                0x00001684                updateLcd
 .text.readTemperatures
                0x0000189c       0xa8 main.o
                0x0000189c                readTemperatures
 .text.main     0x00001944       0xd4 main.o
                0x00001944                main
 .text.avr-libc.fplib
                0x00001a18        0xa f:/installed_programs/electronics/atmel/atmel toolchain/avr8 gcc/native/3.4.1061/avr8-gnu-toolchain/bin/../lib/gcc/avr/4.8.1/../../../../avr/lib/avr51\libm.a(addsf3.o)
                0x00001a18                __subsf3
                0x00001a1a                __addsf3
 .text.avr-libc.fplib
                0x00001a22       0xc0 f:/installed_programs/electronics/atmel/atmel toolchain/avr8 gcc/native/3.4.1061/avr8-gnu-toolchain/bin/../lib/gcc/avr/4.8.1/../../../../avr/lib/avr51\libm.a(addsf3x.o)
                0x00001a3c                __addsf3x
 .text.avr-libc.fplib
                0x00001ae2        0x8 f:/installed_programs/electronics/atmel/atmel toolchain/avr8 gcc/native/3.4.1061/avr8-gnu-toolchain/bin/../lib/gcc/avr/4.8.1/../../../../avr/lib/avr51\libm.a(cmpsf2.o)
                0x00001ae2                __nesf2
                0x00001ae2                __eqsf2
                0x00001ae2                __cmpsf2
                0x00001ae2                __ltsf2
                0x00001ae2                __lesf2
 .text.avr-libc.fplib
                0x00001aea        0x4 f:/installed_programs/electronics/atmel/atmel toolchain/avr8 gcc/native/3.4.1061/avr8-gnu-toolchain/bin/../lib/gcc/avr/4.8.1/../../../../avr/lib/avr51\libm.a(divsf3.o)
                0x00001aea                __divsf3
 .text.avr-libc.fplib
                0x00001aee       0xcc f:/installed_programs/electronics/atmel/atmel toolchain/avr8 gcc/native/3.4.1061/avr8-gnu-toolchain/bin/../lib/gcc/avr/4.8.1/../../../../avr/lib/avr51\libm.a(divsf3x.o)
                0x00001b04                __divsf3x
                0x00001b08                __divsf3_pse
 .text.avr-libc.fplib
                0x00001bba       0x62 f:/installed_programs/electronics/atmel/atmel toolchain/avr8 gcc/native/3.4.1061/avr8-gnu-toolchain/bin/../lib/gcc/avr/4.8.1/../../../../avr/lib/avr51\libm.a(exp.o)
                0x00001bc4                exp
 .text.avr-libc.fplib
                0x00001c1c        0xa f:/installed_programs/electronics/atmel/atmel toolchain/avr8 gcc/native/3.4.1061/avr8-gnu-toolchain/bin/../lib/gcc/avr/4.8.1/../../../../avr/lib/avr51\libm.a(fixsfsi.o)
                0x00001c1c                __fixsfsi
 .text.avr-libc.fplib
                0x00001c26       0x58 f:/installed_programs/electronics/atmel/atmel toolchain/avr8 gcc/native/3.4.1061/avr8-gnu-toolchain/bin/../lib/gcc/avr/4.8.1/../../../../avr/lib/avr51\libm.a(fixunssfsi.o)
                0x00001c26                __fixunssfsi
 .text.avr-libc.fplib
                0x00001c7e       0x7a f:/installed_programs/electronics/atmel/atmel toolchain/avr8 gcc/native/3.4.1061/avr8-gnu-toolchain/bin/../lib/gcc/avr/4.8.1/../../../../avr/lib/avr51\libm.a(floatsisf.o)
                0x00001c7e                __floatunsisf
                0x00001c82                __floatsisf
 .text.avr-libc.fplib
                0x00001cf8       0x48 f:/installed_programs/electronics/atmel/atmel toolchain/avr8 gcc/native/3.4.1061/avr8-gnu-toolchain/bin/../lib/gcc/avr/4.8.1/../../../../avr/lib/avr51\libm.a(fp_cmp.o)
                0x00001cf8                __fp_cmp
 .text.avr-libc.fplib
                0x00001d40        0xc f:/installed_programs/electronics/atmel/atmel toolchain/avr8 gcc/native/3.4.1061/avr8-gnu-toolchain/bin/../lib/gcc/avr/4.8.1/../../../../avr/lib/avr51\libm.a(fp_inf.o)
                0x00001d40                __fp_inf
 .text.avr-libc.fplib
                0x00001d4c        0x6 f:/installed_programs/electronics/atmel/atmel toolchain/avr8 gcc/native/3.4.1061/avr8-gnu-toolchain/bin/../lib/gcc/avr/4.8.1/../../../../avr/lib/avr51\libm.a(fp_nan.o)
                0x00001d4c                __fp_nan
 .text.avr-libc.fplib
                0x00001d52       0x4a f:/installed_programs/electronics/atmel/atmel toolchain/avr8 gcc/native/3.4.1061/avr8-gnu-toolchain/bin/../lib/gcc/avr/4.8.1/../../../../avr/lib/avr51\libm.a(fp_powser.o)
                0x00001d52                __fp_powser
 .text.avr-libc.fplib
                0x00001d9c        0xe f:/installed_programs/electronics/atmel/atmel toolchain/avr8 gcc/native/3.4.1061/avr8-gnu-toolchain/bin/../lib/gcc/avr/4.8.1/../../../../avr/lib/avr51\libm.a(fp_pscA.o)
                0x00001d9c                __fp_pscA
 .text.avr-libc.fplib
                0x00001daa        0xe f:/installed_programs/electronics/atmel/atmel toolchain/avr8 gcc/native/3.4.1061/avr8-gnu-toolchain/bin/../lib/gcc/avr/4.8.1/../../../../avr/lib/avr51\libm.a(fp_pscB.o)
                0x00001daa                __fp_pscB
 .text.avr-libc.fplib
                0x00001db8       0x22 f:/installed_programs/electronics/atmel/atmel toolchain/avr8 gcc/native/3.4.1061/avr8-gnu-toolchain/bin/../lib/gcc/avr/4.8.1/../../../../avr/lib/avr51\libm.a(fp_round.o)
                0x00001db8                __fp_round
 .text.avr-libc.fplib
                0x00001dda       0x44 f:/installed_programs/electronics/atmel/atmel toolchain/avr8 gcc/native/3.4.1061/avr8-gnu-toolchain/bin/../lib/gcc/avr/4.8.1/../../../../avr/lib/avr51\libm.a(fp_split3.o)
                0x00001dda                __fp_split3
                0x00001dea                __fp_splitA
 .text.avr-libc.fplib
                0x00001e1e        0xe f:/installed_programs/electronics/atmel/atmel toolchain/avr8 gcc/native/3.4.1061/avr8-gnu-toolchain/bin/../lib/gcc/avr/4.8.1/../../../../avr/lib/avr51\libm.a(fp_zero.o)
                0x00001e1e                __fp_zero
                0x00001e20                __fp_szero
 .text.avr-libc.fplib
                0x00001e2c        0x8 f:/installed_programs/electronics/atmel/atmel toolchain/avr8 gcc/native/3.4.1061/avr8-gnu-toolchain/bin/../lib/gcc/avr/4.8.1/../../../../avr/lib/avr51\libm.a(gesf2.o)
                0x00001e2c                __gesf2
                0x00001e2c                __gtsf2
 .text.avr-libc.fplib
                0x00001e34        0xe f:/installed_programs/electronics/atmel/atmel toolchain/avr8 gcc/native/3.4.1061/avr8-gnu-toolchain/bin/../lib/gcc/avr/4.8.1/../../../../avr/lib/avr51\libm.a(inverse.o)
                0x00001e34                inverse
 .text.avr-libc.fplib
                0x00001e42       0x6c f:/installed_programs/electronics/atmel/atmel toolchain/avr8 gcc/native/3.4.1061/avr8-gnu-toolchain/bin/../lib/gcc/avr/4.8.1/../../../../avr/lib/avr51\libm.a(ldexp.o)
                0x00001e46                ldexp
 .text.avr-libc.fplib
                0x00001eae       0x8a f:/installed_programs/electronics/atmel/atmel toolchain/avr8 gcc/native/3.4.1061/avr8-gnu-toolchain/bin/../lib/gcc/avr/4.8.1/../../../../avr/lib/avr51\libm.a(log.o)
                0x00001eb8                log
 .text.avr-libc.fplib
                0x00001f38       0x66 f:/installed_programs/electronics/atmel/atmel toolchain/avr8 gcc/native/3.4.1061/avr8-gnu-toolchain/bin/../lib/gcc/avr/4.8.1/../../../../avr/lib/avr51\libm.a(modf.o)
                0x00001f38                modf
                0x00001f38                modff
 .text.avr-libc.fplib
                0x00001f9e        0x4 f:/installed_programs/electronics/atmel/atmel toolchain/avr8 gcc/native/3.4.1061/avr8-gnu-toolchain/bin/../lib/gcc/avr/4.8.1/../../../../avr/lib/avr51\libm.a(mulsf3.o)
                0x00001f9e                __mulsf3
 .text.avr-libc.fplib
                0x00001fa2       0xc2 f:/installed_programs/electronics/atmel/atmel toolchain/avr8 gcc/native/3.4.1061/avr8-gnu-toolchain/bin/../lib/gcc/avr/4.8.1/../../../../avr/lib/avr51\libm.a(mulsf3x.o)
                0x00001fb6                __mulsf3x
                0x00001fba                __mulsf3_pse
 .text.avr-libc.fplib
                0x00002064       0x98 f:/installed_programs/electronics/atmel/atmel toolchain/avr8 gcc/native/3.4.1061/avr8-gnu-toolchain/bin/../lib/gcc/avr/4.8.1/../../../../avr/lib/avr51\libm.a(pow.o)
                0x00002064                pow
 .text.avr-libc.fplib
                0x000020fc       0x1c f:/installed_programs/electronics/atmel/atmel toolchain/avr8 gcc/native/3.4.1061/avr8-gnu-toolchain/bin/../lib/gcc/avr/4.8.1/../../../../avr/lib/avr51\libm.a(fp_mpack.o)
                0x000020fc                __fp_mpack
                0x00002100                __fp_mpack_finite
 .text.libgcc.div
                0x00002118       0x28 f:/installed_programs/electronics/atmel/atmel toolchain/avr8 gcc/native/3.4.1061/avr8-gnu-toolchain/bin/../lib/gcc/avr/4.8.1/avr51\libgcc.a(_udivmodhi4.o)
                0x00002118                __udivmodhi4
 .text.libgcc   0x00002140        0xc f:/installed_programs/electronics/atmel/atmel toolchain/avr8 gcc/native/3.4.1061/avr8-gnu-toolchain/bin/../lib/gcc/avr/4.8.1/avr51\libgcc.a(_tablejump.o)
                0x00002140                __tablejump2__
                0x00002144                __tablejump__
 .text.avr-libc
                0x0000214c       0x5c f:/installed_programs/electronics/atmel/atmel toolchain/avr8 gcc/native/3.4.1061/avr8-gnu-toolchain/bin/../lib/gcc/avr/4.8.1/../../../../avr/lib/avr51\libc.a(sprintf.o)
                0x0000214c                sprintf
 .text.avr-libc
                0x000021a8      0x3dc f:/installed_programs/electronics/atmel/atmel toolchain/avr8 gcc/native/3.4.1061/avr8-gnu-toolchain/bin/../lib/gcc/avr/4.8.1/../../../../avr/lib/avr51\libc.a(vfprintf_std.o)
                0x000021a8                vfprintf
 .text.avr-libc
                0x00002584       0x20 f:/installed_programs/electronics/atmel/atmel toolchain/avr8 gcc/native/3.4.1061/avr8-gnu-toolchain/bin/../lib/gcc/avr/4.8.1/../../../../avr/lib/avr51\libc.a(eerd_block_atmega128.o)
                0x00002584                __eerd_block_m128
                0x00002588                __eerd_blraw_m128
 .text.avr-libc
                0x000025a4       0x12 f:/installed_programs/electronics/atmel/atmel toolchain/avr8 gcc/native/3.4.1061/avr8-gnu-toolchain/bin/../lib/gcc/avr/4.8.1/../../../../avr/lib/avr51\libc.a(eewr_block_atmega128.o)
                0x000025a4                __eewr_block_m128
 .text.avr-libc
                0x000025b6       0x1a f:/installed_programs/electronics/atmel/atmel toolchain/avr8 gcc/native/3.4.1061/avr8-gnu-toolchain/bin/../lib/gcc/avr/4.8.1/../../../../avr/lib/avr51\libc.a(eewr_byte_atmega128.o)
                0x000025b6                __eewr_byte_m128
                0x000025b8                __eewr_r18_m128
 .text.avr-libc
                0x000025d0       0x16 f:/installed_programs/electronics/atmel/atmel toolchain/avr8 gcc/native/3.4.1061/avr8-gnu-toolchain/bin/../lib/gcc/avr/4.8.1/../../../../avr/lib/avr51\libc.a(strnlen_P.o)
                0x000025d0                strnlen_P
 .text.avr-libc
                0x000025e6       0x16 f:/installed_programs/electronics/atmel/atmel toolchain/avr8 gcc/native/3.4.1061/avr8-gnu-toolchain/bin/../lib/gcc/avr/4.8.1/../../../../avr/lib/avr51\libc.a(strnlen.o)
                0x000025e6                strnlen
 .text.avr-libc
                0x000025fc       0x64 f:/installed_programs/electronics/atmel/atmel toolchain/avr8 gcc/native/3.4.1061/avr8-gnu-toolchain/bin/../lib/gcc/avr/4.8.1/../../../../avr/lib/avr51\libc.a(fputc.o)
                0x000025fc                fputc
 .text.avr-libc
                0x00002660       0xbc f:/installed_programs/electronics/atmel/atmel toolchain/avr8 gcc/native/3.4.1061/avr8-gnu-toolchain/bin/../lib/gcc/avr/4.8.1/../../../../avr/lib/avr51\libc.a(ultoa_invert.o)
                0x00002660                __ultoa_invert
                0x0000271c                . = ALIGN (0x2)
 *(.fini9)
 .fini9         0x0000271c        0x0 f:/installed_programs/electronics/atmel/atmel toolchain/avr8 gcc/native/3.4.1061/avr8-gnu-toolchain/bin/../lib/gcc/avr/4.8.1/avr51\libgcc.a(_exit.o)
                0x0000271c                _exit
                0x0000271c                exit
 *(.fini9)
 *(.fini8)
 *(.fini8)
 *(.fini7)
 *(.fini7)
 *(.fini6)
 *(.fini6)
 *(.fini5)
 *(.fini5)
 *(.fini4)
 *(.fini4)
 *(.fini3)
 *(.fini3)
 *(.fini2)
 *(.fini2)
 *(.fini1)
 *(.fini1)
 *(.fini0)
 .fini0         0x0000271c        0x4 f:/installed_programs/electronics/atmel/atmel toolchain/avr8 gcc/native/3.4.1061/avr8-gnu-toolchain/bin/../lib/gcc/avr/4.8.1/avr51\libgcc.a(_exit.o)
 *(.fini0)
                0x00002720                _etext = .

.data           0x00800100       0x8c load address 0x00002720
                0x00800100                PROVIDE (__data_start, .)
 *(.data)
 *(.data*)
 .data.currentSol
                0x00800100        0x4 main.o
                0x00800100                currentSol
 .data.currentRad
                0x00800104        0x4 main.o
                0x00800104                currentRad
 .data.currentAqs
                0x00800108        0x4 main.o
                0x00800108                currentAqs
 .data.currentRec
                0x0080010c        0x4 main.o
                0x0080010c                currentRec
 .data.taskControlPeriod
                0x00800110        0x2 main.o
                0x00800110                taskControlPeriod
 .data.taskUpdateLCDPeriod
                0x00800112        0x2 main.o
                0x00800112                taskUpdateLCDPeriod
 .data.taskReadButtonsPeriod
                0x00800114        0x2 main.o
                0x00800114                taskReadButtonsPeriod
 *(.rodata)
 *(.rodata*)
 .rodata.str1.1
                0x00800116       0x76 main.o
 *(.gnu.linkonce.d*)
                0x0080018c                . = ALIGN (0x2)
                0x0080018c                _edata = .
                0x0080018c                PROVIDE (__data_end, .)

.bss            0x0080018c       0x7d
                0x0080018c                PROVIDE (__bss_start, .)
 *(.bss)
 *(.bss*)
 .bss.tickCounter.1617
                0x0080018c        0x2 libs/interrupts/interruptvectors.o
 .bss.aqs.2554  0x0080018e        0x2 main.o
 .bss.bombaSolAqsState.2482
                0x00800190        0x1 main.o
 .bss.bombaRecRadState.2478
                0x00800191        0x1 main.o
 .bss.bombaRecAqsState.2474
                0x00800192        0x1 main.o
 .bss.state.2446
                0x00800193        0x1 main.o
 .bss.codeOld.2441
                0x00800194        0x2 main.o
 .bss.keyCount.2442
                0x00800196        0x2 main.o
 .bss.currentStatusPump3
                0x00800198        0x1 main.o
                0x00800198                currentStatusPump3
 .bss.currentStatusPump2
                0x00800199        0x1 main.o
                0x00800199                currentStatusPump2
 .bss.currentStatusPump1
                0x0080019a        0x1 main.o
                0x0080019a                currentStatusPump1
 .bss.flagSaveParametersEeprom
                0x0080019b        0x1 main.o
                0x0080019b                flagSaveParametersEeprom
 .bss.flagTaskControl
                0x0080019c        0x1 main.o
                0x0080019c                flagTaskControl
 .bss.flagTaskUpdateLcd
                0x0080019d        0x1 main.o
                0x0080019d                flagTaskUpdateLcd
 .bss.flagTaskReadButtons
                0x0080019e        0x1 main.o
                0x0080019e                flagTaskReadButtons
 *(COMMON)
 COMMON         0x0080019f       0x34 libs/interrupts/interruptvectors.o
                0x0080019f                flagNewMessage
                0x008001a0                usartBuffer
                0x008001d2                nReceivedBytes
 COMMON         0x008001d3       0x36 main.o
                0x008001d3                currentSetPointSolMin
                0x008001d7                debugBuffer
                0x008001e1                currentSetPointRadMin
                0x008001e5                currentSetPointDelta
                0x008001e9                pump2En
                0x008001ea                pump3En
                0x008001eb                currentSetPointRecMin
                0x008001ef                pump1En
                0x008001f0                currentSetPointAqsMax
                0x008001f4                eestruct_var
                0x00800209                PROVIDE (__bss_end, .)
                0x00002720                __data_load_start = LOADADDR (.data)
                0x000027ac                __data_load_end = (__data_load_start + SIZEOF (.data))

.noinit         0x00800209        0x0
                0x00800209                PROVIDE (__noinit_start, .)
 *(.noinit*)
                0x00800209                PROVIDE (__noinit_end, .)
                0x00800209                _end = .
                0x00800209                PROVIDE (__heap_start, .)

.eeprom         0x00810000       0x15
 *(.eeprom*)
 .eeprom        0x00810000       0x15 main.o
                0x00810000                eestruct_eemem
                0x00810015                __eeprom_end = .

.fuse
 *(.fuse)
 *(.lfuse)
 *(.hfuse)
 *(.efuse)

.lock
 *(.lock*)

.signature
 *(.signature*)

.user_signatures
 *(.user_signatures*)

.stab
 *(.stab)

.stabstr
 *(.stabstr)

.stab.excl
 *(.stab.excl)

.stab.exclstr
 *(.stab.exclstr)

.stab.index
 *(.stab.index)

.stab.indexstr
 *(.stab.indexstr)

.comment        0x00000000       0x5c
 *(.comment)
 .comment       0x00000000       0x30 libs/interrupts/interruptvectors.o
                                 0x31 (size before relaxing)
 .comment       0x00000000       0x31 libs/lcds/hd774x.o
 .comment       0x00000000       0x31 libs/usart/usart.o
 .comment       0x00000000       0x31 main.o
 .comment       0x00000000       0x31 f:/installed_programs/electronics/atmel/atmel toolchain/avr8 gcc/native/3.4.1061/avr8-gnu-toolchain/bin/../lib/gcc/avr/4.8.1/../../../../avr/lib/avr51\libc.a(sprintf.o)
 .comment       0x00000030       0x2c f:/installed_programs/electronics/atmel/atmel toolchain/avr8 gcc/native/3.4.1061/avr8-gnu-toolchain/bin/../lib/gcc/avr/4.8.1/../../../../avr/lib/avr51\libc.a(vfprintf_std.o)
                                 0x2d (size before relaxing)
 .comment       0x00000000       0x31 f:/installed_programs/electronics/atmel/atmel toolchain/avr8 gcc/native/3.4.1061/avr8-gnu-toolchain/bin/../lib/gcc/avr/4.8.1/../../../../avr/lib/avr51\libc.a(fputc.o)

.note.gnu.build-id
 *(.note.gnu.build-id)

.debug
 *(.debug)

.line
 *(.line)

.debug_srcinfo
 *(.debug_srcinfo)

.debug_sfnames
 *(.debug_sfnames)

.debug_aranges  0x00000000      0x330
 *(.debug_aranges)
 .debug_aranges
                0x00000000      0x130 libs/interrupts/interruptvectors.o
 .debug_aranges
                0x00000130       0xb0 libs/lcds/hd774x.o
 .debug_aranges
                0x000001e0       0x58 libs/usart/usart.o
 .debug_aranges
                0x00000238       0xf8 main.o

.debug_pubnames
 *(.debug_pubnames)

.debug_info     0x00000000     0x24b0
 *(.debug_info .gnu.linkonce.wi.*)
 .debug_info    0x00000000      0x4f8 libs/interrupts/interruptvectors.o
 .debug_info    0x000004f8      0xaac libs/lcds/hd774x.o
 .debug_info    0x00000fa4      0x235 libs/usart/usart.o
 .debug_info    0x000011d9     0x12d7 main.o

.debug_abbrev   0x00000000      0x7ef
 *(.debug_abbrev)
 .debug_abbrev  0x00000000      0x181 libs/interrupts/interruptvectors.o
 .debug_abbrev  0x00000181      0x20f libs/lcds/hd774x.o
 .debug_abbrev  0x00000390       0xc8 libs/usart/usart.o
 .debug_abbrev  0x00000458      0x397 main.o

.debug_line     0x00000000     0x18f3
 *(.debug_line .debug_line.* .debug_line_end)
 .debug_line    0x00000000      0x4a1 libs/interrupts/interruptvectors.o
 .debug_line    0x000004a1      0x5ac libs/lcds/hd774x.o
 .debug_line    0x00000a4d      0x220 libs/usart/usart.o
 .debug_line    0x00000c6d      0xc86 main.o

.debug_frame    0x00000000      0xac4
 *(.debug_frame)
 .debug_frame   0x00000000      0x484 libs/interrupts/interruptvectors.o
 .debug_frame   0x00000484      0x1f8 libs/lcds/hd774x.o
 .debug_frame   0x0000067c       0xd4 libs/usart/usart.o
 .debug_frame   0x00000750      0x374 main.o

.debug_str      0x00000000      0xab4
 *(.debug_str)
 .debug_str     0x00000000      0x406 libs/interrupts/interruptvectors.o
                                0x43f (size before relaxing)
 .debug_str     0x00000406      0x1e5 libs/lcds/hd774x.o
                                0x37e (size before relaxing)
 .debug_str     0x000005eb       0x68 libs/usart/usart.o
                                0x23a (size before relaxing)
 .debug_str     0x00000653      0x461 main.o
                                0x6fb (size before relaxing)

.debug_loc      0x00000000     0x1d66
 *(.debug_loc)
 .debug_loc     0x00000000      0x860 libs/interrupts/interruptvectors.o
 .debug_loc     0x00000860      0x8b9 libs/lcds/hd774x.o
 .debug_loc     0x00001119      0x1aa libs/usart/usart.o
 .debug_loc     0x000012c3      0xaa3 main.o

.debug_macinfo
 *(.debug_macinfo)

.debug_weaknames
 *(.debug_weaknames)

.debug_funcnames
 *(.debug_funcnames)

.debug_typenames
 *(.debug_typenames)

.debug_varnames
 *(.debug_varnames)

.debug_pubtypes
 *(.debug_pubtypes)

.debug_ranges   0x00000000      0x320
 *(.debug_ranges)
 .debug_ranges  0x00000000      0x120 libs/interrupts/interruptvectors.o
 .debug_ranges  0x00000120       0xb8 libs/lcds/hd774x.o
 .debug_ranges  0x000001d8       0x48 libs/usart/usart.o
 .debug_ranges  0x00000220      0x100 main.o

.debug_macro
 *(.debug_macro)
OUTPUT(main.c.elf elf32-avr)
LOAD linker stubs
